
  x Unexpected token
   ,-[$DIR/tests/recovery/element/select-1/input.html:7:5]
 7 | </option>
   : ^^^^^^^^^
   `----
