
  x Unexpected token
   ,-[$DIR/tests/recovery/element/nobr/input.html:1:1]
 1 | <nobr>X
   : ^^^^^^^
   `----
